Parsed test spec with 3 sessions

starting permutation: s1-begin s1-acquire-aggresive-lock-on-dist-table s2-start-session-level-connection s2-begin s2-read-dist-table s1-rollback s2-rollback s2-stop-connection
step s1-begin:
 BEGIN;

step s1-acquire-aggresive-lock-on-dist-table:
 LOCK dist_table IN ACCESS EXCLUSIVE MODE;

step s2-start-session-level-connection:
    SELECT start_session_level_connection_to_node('localhost', 57637);

start_session_level_connection_to_node
---------------------------------------------------------------------

(1 row)

step s2-begin:
 SELECT run_commands_on_session_level_connection_to_node('BEGIN');

run_commands_on_session_level_connection_to_node
---------------------------------------------------------------------

(1 row)

step s2-read-dist-table:
 SELECT run_commands_on_session_level_connection_to_node('SELECT * FROM dist_table');
 <waiting ...>
step s1-rollback: 
 ROLLBACK;

step s2-read-dist-table: <... completed>
run_commands_on_session_level_connection_to_node
---------------------------------------------------------------------

(1 row)

step s2-rollback:
 SELECT run_commands_on_session_level_connection_to_node('ROLLBACK');

run_commands_on_session_level_connection_to_node
---------------------------------------------------------------------

(1 row)

step s2-stop-connection:
 SELECT stop_session_level_connection_to_node();

stop_session_level_connection_to_node
---------------------------------------------------------------------

(1 row)

restore_isolation_tester_func
---------------------------------------------------------------------

(1 row)


starting permutation: s1-add-coordinator-to-metadata s1-begin s1-acquire-aggresive-lock-on-dist-table s2-start-session-level-connection s2-begin s2-acquire-aggressive-lock-dist-table s1-rollback s1-read-dist-table s2-rollback s2-stop-connection s1-remove-coordinator-from-metadata
step s1-add-coordinator-to-metadata:
 SELECT citus_set_coordinator_host('localhost', 57636);

citus_set_coordinator_host
---------------------------------------------------------------------

(1 row)

step s1-begin:
 BEGIN;

step s1-acquire-aggresive-lock-on-dist-table:
 LOCK dist_table IN ACCESS EXCLUSIVE MODE;

step s2-start-session-level-connection:
    SELECT start_session_level_connection_to_node('localhost', 57637);

start_session_level_connection_to_node
---------------------------------------------------------------------

(1 row)

step s2-begin:
 SELECT run_commands_on_session_level_connection_to_node('BEGIN');

run_commands_on_session_level_connection_to_node
---------------------------------------------------------------------

(1 row)

step s2-acquire-aggressive-lock-dist-table:
 SELECT run_commands_on_session_level_connection_to_node('LOCK dist_table IN ACCESS EXCLUSIVE MODE');
 <waiting ...>
step s1-rollback: 
 ROLLBACK;

step s2-acquire-aggressive-lock-dist-table: <... completed>
run_commands_on_session_level_connection_to_node
---------------------------------------------------------------------

(1 row)

step s1-read-dist-table:
 SELECT * FROM dist_table;
 <waiting ...>
step s2-rollback: 
 SELECT run_commands_on_session_level_connection_to_node('ROLLBACK');

run_commands_on_session_level_connection_to_node
---------------------------------------------------------------------

(1 row)

step s1-read-dist-table: <... completed>
a
-
1
5
3
4
2
(5 rows)

step s2-stop-connection:
 SELECT stop_session_level_connection_to_node();

stop_session_level_connection_to_node
---------------------------------------------------------------------

(1 row)

step s1-remove-coordinator-from-metadata:
 SELECT citus_remove_node('localhost', 57636);

citus_remove_node
---------------------------------------------------------------------

(1 row)

restore_isolation_tester_func
---------------------------------------------------------------------

(1 row)


starting permutation: s1-add-coordinator-to-metadata s2-start-session-level-connection s2-begin s2-acquire-aggressive-lock-dist-table s1-begin s1-acquire-aggresive-lock-on-dist-table-nowait s1-rollback s2-rollback s2-stop-connection s1-remove-coordinator-from-metadata
step s1-add-coordinator-to-metadata:
 SELECT citus_set_coordinator_host('localhost', 57636);

citus_set_coordinator_host
---------------------------------------------------------------------

(1 row)

step s2-start-session-level-connection:
    SELECT start_session_level_connection_to_node('localhost', 57637);

start_session_level_connection_to_node
---------------------------------------------------------------------

(1 row)

step s2-begin:
 SELECT run_commands_on_session_level_connection_to_node('BEGIN');

run_commands_on_session_level_connection_to_node
---------------------------------------------------------------------

(1 row)

step s2-acquire-aggressive-lock-dist-table:
 SELECT run_commands_on_session_level_connection_to_node('LOCK dist_table IN ACCESS EXCLUSIVE MODE');

run_commands_on_session_level_connection_to_node
---------------------------------------------------------------------

(1 row)

step s1-begin:
 BEGIN;

step s1-acquire-aggresive-lock-on-dist-table-nowait:
 LOCK dist_table IN ACCESS EXCLUSIVE MODE NOWAIT;

ERROR:  could not obtain lock on relation "public.dist_table"
step s1-rollback:
 ROLLBACK;

step s2-rollback:
 SELECT run_commands_on_session_level_connection_to_node('ROLLBACK');

run_commands_on_session_level_connection_to_node
---------------------------------------------------------------------

(1 row)

step s2-stop-connection:
 SELECT stop_session_level_connection_to_node();

stop_session_level_connection_to_node
---------------------------------------------------------------------

(1 row)

step s1-remove-coordinator-from-metadata:
 SELECT citus_remove_node('localhost', 57636);

citus_remove_node
---------------------------------------------------------------------

(1 row)

restore_isolation_tester_func
---------------------------------------------------------------------

(1 row)


starting permutation: s1-add-coordinator-to-metadata s2-start-session-level-connection s2-begin s3-start-session-level-connection s3-begin s2-acquire-aggressive-lock-dist-table s3-acquire-aggressive-lock-dist-table s2-rollback s2-read-dist-table s3-rollback s2-stop-connection s3-stop-connection s1-remove-coordinator-from-metadata
step s1-add-coordinator-to-metadata:
 SELECT citus_set_coordinator_host('localhost', 57636);

citus_set_coordinator_host
---------------------------------------------------------------------

(1 row)

step s2-start-session-level-connection:
    SELECT start_session_level_connection_to_node('localhost', 57637);

start_session_level_connection_to_node
---------------------------------------------------------------------

(1 row)

step s2-begin:
 SELECT run_commands_on_session_level_connection_to_node('BEGIN');

run_commands_on_session_level_connection_to_node
---------------------------------------------------------------------

(1 row)

step s3-start-session-level-connection:
    SELECT start_session_level_connection_to_node('localhost', 57638);

start_session_level_connection_to_node
---------------------------------------------------------------------

(1 row)

step s3-begin:
 SELECT run_commands_on_session_level_connection_to_node('BEGIN');

run_commands_on_session_level_connection_to_node
---------------------------------------------------------------------

(1 row)

step s2-acquire-aggressive-lock-dist-table:
 SELECT run_commands_on_session_level_connection_to_node('LOCK dist_table IN ACCESS EXCLUSIVE MODE');

run_commands_on_session_level_connection_to_node
---------------------------------------------------------------------

(1 row)

step s3-acquire-aggressive-lock-dist-table:
 SELECT run_commands_on_session_level_connection_to_node('LOCK dist_table IN ACCESS EXCLUSIVE MODE');
 <waiting ...>
step s2-rollback: 
 SELECT run_commands_on_session_level_connection_to_node('ROLLBACK');

run_commands_on_session_level_connection_to_node
---------------------------------------------------------------------

(1 row)

step s3-acquire-aggressive-lock-dist-table: <... completed>
run_commands_on_session_level_connection_to_node
---------------------------------------------------------------------

(1 row)

step s2-read-dist-table:
 SELECT run_commands_on_session_level_connection_to_node('SELECT * FROM dist_table');
 <waiting ...>
step s3-rollback: 
 SELECT run_commands_on_session_level_connection_to_node('ROLLBACK');

run_commands_on_session_level_connection_to_node
---------------------------------------------------------------------

(1 row)

step s2-read-dist-table: <... completed>
run_commands_on_session_level_connection_to_node
---------------------------------------------------------------------

(1 row)

step s2-stop-connection:
 SELECT stop_session_level_connection_to_node();

stop_session_level_connection_to_node
---------------------------------------------------------------------

(1 row)

step s3-stop-connection:
 SELECT stop_session_level_connection_to_node();

stop_session_level_connection_to_node
---------------------------------------------------------------------

(1 row)

step s1-remove-coordinator-from-metadata:
 SELECT citus_remove_node('localhost', 57636);

citus_remove_node
---------------------------------------------------------------------

(1 row)

restore_isolation_tester_func
---------------------------------------------------------------------

(1 row)


starting permutation: s1-add-coordinator-to-metadata s1-begin s1-acquire-weak-lock-on-dist-table s2-start-session-level-connection s2-begin s2-read-dist-table s2-acquire-aggressive-lock-dist-table s1-rollback s2-rollback s2-stop-connection s1-remove-coordinator-from-metadata
step s1-add-coordinator-to-metadata:
 SELECT citus_set_coordinator_host('localhost', 57636);

citus_set_coordinator_host
---------------------------------------------------------------------

(1 row)

step s1-begin:
 BEGIN;

step s1-acquire-weak-lock-on-dist-table:
 LOCK dist_table IN ACCESS SHARE MODE;

step s2-start-session-level-connection:
    SELECT start_session_level_connection_to_node('localhost', 57637);

start_session_level_connection_to_node
---------------------------------------------------------------------

(1 row)

step s2-begin:
 SELECT run_commands_on_session_level_connection_to_node('BEGIN');

run_commands_on_session_level_connection_to_node
---------------------------------------------------------------------

(1 row)

step s2-read-dist-table:
 SELECT run_commands_on_session_level_connection_to_node('SELECT * FROM dist_table');

run_commands_on_session_level_connection_to_node
---------------------------------------------------------------------

(1 row)

step s2-acquire-aggressive-lock-dist-table:
 SELECT run_commands_on_session_level_connection_to_node('LOCK dist_table IN ACCESS EXCLUSIVE MODE');
 <waiting ...>
step s1-rollback: 
 ROLLBACK;

step s2-acquire-aggressive-lock-dist-table: <... completed>
run_commands_on_session_level_connection_to_node
---------------------------------------------------------------------

(1 row)

step s2-rollback:
 SELECT run_commands_on_session_level_connection_to_node('ROLLBACK');

run_commands_on_session_level_connection_to_node
---------------------------------------------------------------------

(1 row)

step s2-stop-connection:
 SELECT stop_session_level_connection_to_node();

stop_session_level_connection_to_node
---------------------------------------------------------------------

(1 row)

step s1-remove-coordinator-from-metadata:
 SELECT citus_remove_node('localhost', 57636);

citus_remove_node
---------------------------------------------------------------------

(1 row)

restore_isolation_tester_func
---------------------------------------------------------------------

(1 row)


starting permutation: s1-add-coordinator-to-metadata s2-start-session-level-connection s2-begin s2-lock-reference-table s1-begin s1-read-ref-table s2-rollback s1-rollback s2-stop-connection s1-remove-coordinator-from-metadata
step s1-add-coordinator-to-metadata:
 SELECT citus_set_coordinator_host('localhost', 57636);

citus_set_coordinator_host
---------------------------------------------------------------------

(1 row)

step s2-start-session-level-connection:
    SELECT start_session_level_connection_to_node('localhost', 57637);

start_session_level_connection_to_node
---------------------------------------------------------------------

(1 row)

step s2-begin:
 SELECT run_commands_on_session_level_connection_to_node('BEGIN');

run_commands_on_session_level_connection_to_node
---------------------------------------------------------------------

(1 row)

step s2-lock-reference-table:
 SELECT run_commands_on_session_level_connection_to_node('LOCK ref_table IN ACCESS EXCLUSIVE MODE');

run_commands_on_session_level_connection_to_node
---------------------------------------------------------------------

(1 row)

step s1-begin:
 BEGIN;

step s1-read-ref-table:
 SELECT * FROM ref_table;
 <waiting ...>
step s2-rollback: 
 SELECT run_commands_on_session_level_connection_to_node('ROLLBACK');

run_commands_on_session_level_connection_to_node
---------------------------------------------------------------------

(1 row)

step s1-read-ref-table: <... completed>
a
-
1
2
3
4
5
(5 rows)

step s1-rollback:
 ROLLBACK;

step s2-stop-connection:
 SELECT stop_session_level_connection_to_node();

stop_session_level_connection_to_node
---------------------------------------------------------------------

(1 row)

step s1-remove-coordinator-from-metadata:
 SELECT citus_remove_node('localhost', 57636);

citus_remove_node
---------------------------------------------------------------------

(1 row)

restore_isolation_tester_func
---------------------------------------------------------------------

(1 row)


starting permutation: s1-begin s1-acquire-aggresive-lock-on-view s2-start-session-level-connection s2-begin s2-read-dist-table s1-rollback s2-rollback s2-stop-connection
step s1-begin:
 BEGIN;

step s1-acquire-aggresive-lock-on-view:
 LOCK main_view IN ACCESS EXCLUSIVE MODE;

step s2-start-session-level-connection:
    SELECT start_session_level_connection_to_node('localhost', 57637);

start_session_level_connection_to_node
---------------------------------------------------------------------

(1 row)

step s2-begin:
 SELECT run_commands_on_session_level_connection_to_node('BEGIN');

run_commands_on_session_level_connection_to_node
---------------------------------------------------------------------

(1 row)

step s2-read-dist-table:
 SELECT run_commands_on_session_level_connection_to_node('SELECT * FROM dist_table');

run_commands_on_session_level_connection_to_node
---------------------------------------------------------------------

(1 row)

step s1-rollback:
 ROLLBACK;

step s2-rollback:
 SELECT run_commands_on_session_level_connection_to_node('ROLLBACK');

run_commands_on_session_level_connection_to_node
---------------------------------------------------------------------

(1 row)

step s2-stop-connection:
 SELECT stop_session_level_connection_to_node();

stop_session_level_connection_to_node
---------------------------------------------------------------------

(1 row)

restore_isolation_tester_func
---------------------------------------------------------------------

(1 row)


starting permutation: s1-add-coordinator-to-metadata s1-begin s1-acquire-aggresive-lock-on-view s2-start-session-level-connection s2-begin s2-acquire-aggressive-lock-dist-table s1-rollback s2-rollback s2-stop-connection s1-remove-coordinator-from-metadata
step s1-add-coordinator-to-metadata:
 SELECT citus_set_coordinator_host('localhost', 57636);

citus_set_coordinator_host
---------------------------------------------------------------------

(1 row)

step s1-begin:
 BEGIN;

step s1-acquire-aggresive-lock-on-view:
 LOCK main_view IN ACCESS EXCLUSIVE MODE;

step s2-start-session-level-connection:
    SELECT start_session_level_connection_to_node('localhost', 57637);

start_session_level_connection_to_node
---------------------------------------------------------------------

(1 row)

step s2-begin:
 SELECT run_commands_on_session_level_connection_to_node('BEGIN');

run_commands_on_session_level_connection_to_node
---------------------------------------------------------------------

(1 row)

step s2-acquire-aggressive-lock-dist-table:
 SELECT run_commands_on_session_level_connection_to_node('LOCK dist_table IN ACCESS EXCLUSIVE MODE');
 <waiting ...>
step s1-rollback: 
 ROLLBACK;

step s2-acquire-aggressive-lock-dist-table: <... completed>
run_commands_on_session_level_connection_to_node
---------------------------------------------------------------------

(1 row)

step s2-rollback:
 SELECT run_commands_on_session_level_connection_to_node('ROLLBACK');

run_commands_on_session_level_connection_to_node
---------------------------------------------------------------------

(1 row)

step s2-stop-connection:
 SELECT stop_session_level_connection_to_node();

stop_session_level_connection_to_node
---------------------------------------------------------------------

(1 row)

step s1-remove-coordinator-from-metadata:
 SELECT citus_remove_node('localhost', 57636);

citus_remove_node
---------------------------------------------------------------------

(1 row)

restore_isolation_tester_func
---------------------------------------------------------------------

(1 row)


starting permutation: s1-begin s1-acquire-aggresive-lock-on-view s2-start-session-level-connection s2-begin s2-read-ref-table s1-rollback s2-rollback s2-stop-connection
step s1-begin:
 BEGIN;

step s1-acquire-aggresive-lock-on-view:
 LOCK main_view IN ACCESS EXCLUSIVE MODE;

step s2-start-session-level-connection:
    SELECT start_session_level_connection_to_node('localhost', 57637);

start_session_level_connection_to_node
---------------------------------------------------------------------

(1 row)

step s2-begin:
 SELECT run_commands_on_session_level_connection_to_node('BEGIN');

run_commands_on_session_level_connection_to_node
---------------------------------------------------------------------

(1 row)

step s2-read-ref-table:
 SELECT run_commands_on_session_level_connection_to_node('SELECT * FROM ref_table');

run_commands_on_session_level_connection_to_node
---------------------------------------------------------------------

(1 row)

step s1-rollback:
 ROLLBACK;

step s2-rollback:
 SELECT run_commands_on_session_level_connection_to_node('ROLLBACK');

run_commands_on_session_level_connection_to_node
---------------------------------------------------------------------

(1 row)

step s2-stop-connection:
 SELECT stop_session_level_connection_to_node();

stop_session_level_connection_to_node
---------------------------------------------------------------------

(1 row)

restore_isolation_tester_func
---------------------------------------------------------------------

(1 row)


starting permutation: s1-add-coordinator-to-metadata s2-start-session-level-connection s2-begin s2-acquire-aggressive-lock-dist-table s1-begin s1-acquire-aggresive-lock-on-view-nowait s1-rollback s2-rollback s2-stop-connection s1-remove-coordinator-from-metadata
step s1-add-coordinator-to-metadata:
 SELECT citus_set_coordinator_host('localhost', 57636);

citus_set_coordinator_host
---------------------------------------------------------------------

(1 row)

step s2-start-session-level-connection:
    SELECT start_session_level_connection_to_node('localhost', 57637);

start_session_level_connection_to_node
---------------------------------------------------------------------

(1 row)

step s2-begin:
 SELECT run_commands_on_session_level_connection_to_node('BEGIN');

run_commands_on_session_level_connection_to_node
---------------------------------------------------------------------

(1 row)

step s2-acquire-aggressive-lock-dist-table:
 SELECT run_commands_on_session_level_connection_to_node('LOCK dist_table IN ACCESS EXCLUSIVE MODE');

run_commands_on_session_level_connection_to_node
---------------------------------------------------------------------

(1 row)

step s1-begin:
 BEGIN;

step s1-acquire-aggresive-lock-on-view-nowait:
 LOCK main_view IN ACCESS EXCLUSIVE MODE NOWAIT;

ERROR:  could not obtain lock on relation "dist_table"
step s1-rollback:
 ROLLBACK;

step s2-rollback:
 SELECT run_commands_on_session_level_connection_to_node('ROLLBACK');

run_commands_on_session_level_connection_to_node
---------------------------------------------------------------------

(1 row)

step s2-stop-connection:
 SELECT stop_session_level_connection_to_node();

stop_session_level_connection_to_node
---------------------------------------------------------------------

(1 row)

step s1-remove-coordinator-from-metadata:
 SELECT citus_remove_node('localhost', 57636);

citus_remove_node
---------------------------------------------------------------------

(1 row)

restore_isolation_tester_func
---------------------------------------------------------------------

(1 row)


starting permutation: s1-add-coordinator-to-metadata s1-begin s1-lock-all s2-start-session-level-connection s2-begin s2-read-ref-table s1-rollback s2-rollback s2-stop-connection s1-remove-coordinator-from-metadata
step s1-add-coordinator-to-metadata:
 SELECT citus_set_coordinator_host('localhost', 57636);

citus_set_coordinator_host
---------------------------------------------------------------------

(1 row)

step s1-begin:
 BEGIN;

step s1-lock-all:
 LOCK dist_table, local_table, ref_table, main_view, sub_view IN ACCESS EXCLUSIVE MODE;

step s2-start-session-level-connection:
    SELECT start_session_level_connection_to_node('localhost', 57637);

start_session_level_connection_to_node
---------------------------------------------------------------------

(1 row)

step s2-begin:
 SELECT run_commands_on_session_level_connection_to_node('BEGIN');

run_commands_on_session_level_connection_to_node
---------------------------------------------------------------------

(1 row)

step s2-read-ref-table:
 SELECT run_commands_on_session_level_connection_to_node('SELECT * FROM ref_table');
 <waiting ...>
step s1-rollback: 
 ROLLBACK;

step s2-read-ref-table: <... completed>
run_commands_on_session_level_connection_to_node
---------------------------------------------------------------------

(1 row)

step s2-rollback:
 SELECT run_commands_on_session_level_connection_to_node('ROLLBACK');

run_commands_on_session_level_connection_to_node
---------------------------------------------------------------------

(1 row)

step s2-stop-connection:
 SELECT stop_session_level_connection_to_node();

stop_session_level_connection_to_node
---------------------------------------------------------------------

(1 row)

step s1-remove-coordinator-from-metadata:
 SELECT citus_remove_node('localhost', 57636);

citus_remove_node
---------------------------------------------------------------------

(1 row)

restore_isolation_tester_func
---------------------------------------------------------------------

(1 row)

